Archive member included to satisfy reference by file (symbol)

e:/st/stm32cubeide_1.4.0/stm32cubeide/plugins/com.st.stm32cube.ide.mcu.externaltools.gnu-tools-for-stm32.7-2018-q2-update.win32_1.4.0.202007081208/tools/bin/../lib/gcc/arm-none-eabi/7.3.1/../../../../arm-none-eabi/lib/thumb/v7e-m/fpv4-sp/hard\libc_nano.a(lib_a-errno.o)
                              Core/Src/syscalls.o (__errno)
e:/st/stm32cubeide_1.4.0/stm32cubeide/plugins/com.st.stm32cube.ide.mcu.externaltools.gnu-tools-for-stm32.7-2018-q2-update.win32_1.4.0.202007081208/tools/bin/../lib/gcc/arm-none-eabi/7.3.1/../../../../arm-none-eabi/lib/thumb/v7e-m/fpv4-sp/hard\libc_nano.a(lib_a-exit.o)
                              e:/st/stm32cubeide_1.4.0/stm32cubeide/plugins/com.st.stm32cube.ide.mcu.externaltools.gnu-tools-for-stm32.7-2018-q2-update.win32_1.4.0.202007081208/tools/bin/../lib/gcc/arm-none-eabi/7.3.1/../../../../arm-none-eabi/lib/thumb/v7e-m/fpv4-sp/hard/crt0.o (exit)
e:/st/stm32cubeide_1.4.0/stm32cubeide/plugins/com.st.stm32cube.ide.mcu.externaltools.gnu-tools-for-stm32.7-2018-q2-update.win32_1.4.0.202007081208/tools/bin/../lib/gcc/arm-none-eabi/7.3.1/../../../../arm-none-eabi/lib/thumb/v7e-m/fpv4-sp/hard\libc_nano.a(lib_a-impure.o)
                              e:/st/stm32cubeide_1.4.0/stm32cubeide/plugins/com.st.stm32cube.ide.mcu.externaltools.gnu-tools-for-stm32.7-2018-q2-update.win32_1.4.0.202007081208/tools/bin/../lib/gcc/arm-none-eabi/7.3.1/../../../../arm-none-eabi/lib/thumb/v7e-m/fpv4-sp/hard\libc_nano.a(lib_a-exit.o) (_global_impure_ptr)
e:/st/stm32cubeide_1.4.0/stm32cubeide/plugins/com.st.stm32cube.ide.mcu.externaltools.gnu-tools-for-stm32.7-2018-q2-update.win32_1.4.0.202007081208/tools/bin/../lib/gcc/arm-none-eabi/7.3.1/../../../../arm-none-eabi/lib/thumb/v7e-m/fpv4-sp/hard\libc_nano.a(lib_a-init.o)
                              e:/st/stm32cubeide_1.4.0/stm32cubeide/plugins/com.st.stm32cube.ide.mcu.externaltools.gnu-tools-for-stm32.7-2018-q2-update.win32_1.4.0.202007081208/tools/bin/../lib/gcc/arm-none-eabi/7.3.1/../../../../arm-none-eabi/lib/thumb/v7e-m/fpv4-sp/hard/crt0.o (__libc_init_array)
e:/st/stm32cubeide_1.4.0/stm32cubeide/plugins/com.st.stm32cube.ide.mcu.externaltools.gnu-tools-for-stm32.7-2018-q2-update.win32_1.4.0.202007081208/tools/bin/../lib/gcc/arm-none-eabi/7.3.1/../../../../arm-none-eabi/lib/thumb/v7e-m/fpv4-sp/hard\libc_nano.a(lib_a-memcpy-stub.o)
                              Core/Src/ssd1306.o (memcpy)
e:/st/stm32cubeide_1.4.0/stm32cubeide/plugins/com.st.stm32cube.ide.mcu.externaltools.gnu-tools-for-stm32.7-2018-q2-update.win32_1.4.0.202007081208/tools/bin/../lib/gcc/arm-none-eabi/7.3.1/../../../../arm-none-eabi/lib/thumb/v7e-m/fpv4-sp/hard\libc_nano.a(lib_a-memmove.o)
                              Core/Src/ssd1306_tests.o (memmove)
e:/st/stm32cubeide_1.4.0/stm32cubeide/plugins/com.st.stm32cube.ide.mcu.externaltools.gnu-tools-for-stm32.7-2018-q2-update.win32_1.4.0.202007081208/tools/bin/../lib/gcc/arm-none-eabi/7.3.1/../../../../arm-none-eabi/lib/thumb/v7e-m/fpv4-sp/hard\libc_nano.a(lib_a-memset.o)
                              e:/st/stm32cubeide_1.4.0/stm32cubeide/plugins/com.st.stm32cube.ide.mcu.externaltools.gnu-tools-for-stm32.7-2018-q2-update.win32_1.4.0.202007081208/tools/bin/../lib/gcc/arm-none-eabi/7.3.1/../../../../arm-none-eabi/lib/thumb/v7e-m/fpv4-sp/hard/crt0.o (memset)
e:/st/stm32cubeide_1.4.0/stm32cubeide/plugins/com.st.stm32cube.ide.mcu.externaltools.gnu-tools-for-stm32.7-2018-q2-update.win32_1.4.0.202007081208/tools/bin/../lib/gcc/arm-none-eabi/7.3.1/../../../../arm-none-eabi/lib/thumb/v7e-m/fpv4-sp/hard\libc_nano.a(lib_a-snprintf.o)
                              Core/Src/ssd1306_tests.o (snprintf)
e:/st/stm32cubeide_1.4.0/stm32cubeide/plugins/com.st.stm32cube.ide.mcu.externaltools.gnu-tools-for-stm32.7-2018-q2-update.win32_1.4.0.202007081208/tools/bin/../lib/gcc/arm-none-eabi/7.3.1/../../../../arm-none-eabi/lib/thumb/v7e-m/fpv4-sp/hard\libc_nano.a(lib_a-nano-svfprintf.o)
                              e:/st/stm32cubeide_1.4.0/stm32cubeide/plugins/com.st.stm32cube.ide.mcu.externaltools.gnu-tools-for-stm32.7-2018-q2-update.win32_1.4.0.202007081208/tools/bin/../lib/gcc/arm-none-eabi/7.3.1/../../../../arm-none-eabi/lib/thumb/v7e-m/fpv4-sp/hard\libc_nano.a(lib_a-snprintf.o) (_svfprintf_r)
e:/st/stm32cubeide_1.4.0/stm32cubeide/plugins/com.st.stm32cube.ide.mcu.externaltools.gnu-tools-for-stm32.7-2018-q2-update.win32_1.4.0.202007081208/tools/bin/../lib/gcc/arm-none-eabi/7.3.1/../../../../arm-none-eabi/lib/thumb/v7e-m/fpv4-sp/hard\libc_nano.a(lib_a-nano-vfprintf_i.o)
                              e:/st/stm32cubeide_1.4.0/stm32cubeide/plugins/com.st.stm32cube.ide.mcu.externaltools.gnu-tools-for-stm32.7-2018-q2-update.win32_1.4.0.202007081208/tools/bin/../lib/gcc/arm-none-eabi/7.3.1/../../../../arm-none-eabi/lib/thumb/v7e-m/fpv4-sp/hard\libc_nano.a(lib_a-nano-svfprintf.o) (_printf_i)
[...]
Memory Configuration

Name             Origin             Length             Attributes
RAM              0x0000000020000000 0x0000000000050000 xrw
FLASH            0x0000000008000000 0x0000000000100000 xr
*default*        0x0000000000000000 0xffffffffffffffff

Linker script and memory map

LOAD e:/st/stm32cubeide_1.4.0/stm32cubeide/plugins/com.st.stm32cube.ide.mcu.externaltools.gnu-tools-for-stm32.7-2018-q2-update.win32_1.4.0.202007081208/tools/bin/../lib/gcc/arm-none-eabi/7.3.1/thumb/v7e-m/fpv4-sp/hard/crti.o
LOAD e:/st/stm32cubeide_1.4.0/stm32cubeide/plugins/com.st.stm32cube.ide.mcu.externaltools.gnu-tools-for-stm32.7-2018-q2-update.win32_1.4.0.202007081208/tools/bin/../lib/gcc/arm-none-eabi/7.3.1/thumb/v7e-m/fpv4-sp/hard/crtbegin.o
LOAD e:/st/stm32cubeide_1.4.0/stm32cubeide/plugins/com.st.stm32cube.ide.mcu.externaltools.gnu-tools-for-stm32.7-2018-q2-update.win32_1.4.0.202007081208/tools/bin/../lib/gcc/arm-none-eabi/7.3.1/../../../../arm-none-eabi/lib/thumb/v7e-m/fpv4-sp/hard/crt0.o
LOAD Core/Src/main.o
LOAD Core/Src/ssd1306.o
LOAD Core/Src/ssd1306_fonts.o
LOAD Core/Src/ssd1306_tests.o
LOAD Core/Src/stm32f7xx_hal_msp.o
LOAD Core/Src/stm32f7xx_it.o
LOAD Core/Src/syscalls.o
LOAD Core/Src/sysmem.o
LOAD Core/Src/system_stm32f7xx.o
LOAD Core/Startup/startup_stm32f746nghx.o
LOAD Drivers/STM32F7xx_HAL_Driver/Src/stm32f7xx_hal.o
LOAD Drivers/STM32F7xx_HAL_Driver/Src/stm32f7xx_hal_cortex.o
LOAD Drivers/STM32F7xx_HAL_Driver/Src/stm32f7xx_hal_dma.o
LOAD Drivers/STM32F7xx_HAL_Driver/Src/stm32f7xx_hal_dma_ex.o
LOAD Drivers/STM32F7xx_HAL_Driver/Src/stm32f7xx_hal_exti.o
LOAD Drivers/STM32F7xx_HAL_Driver/Src/stm32f7xx_hal_flash.o
LOAD Drivers/STM32F7xx_HAL_Driver/Src/stm32f7xx_hal_flash_ex.o
LOAD Drivers/STM32F7xx_HAL_Driver/Src/stm32f7xx_hal_gpio.o
LOAD Drivers/STM32F7xx_HAL_Driver/Src/stm32f7xx_hal_i2c.o
LOAD Drivers/STM32F7xx_HAL_Driver/Src/stm32f7xx_hal_i2c_ex.o
LOAD Drivers/STM32F7xx_HAL_Driver/Src/stm32f7xx_hal_pwr.o
LOAD Drivers/STM32F7xx_HAL_Driver/Src/stm32f7xx_hal_pwr_ex.o
LOAD Drivers/STM32F7xx_HAL_Driver/Src/stm32f7xx_hal_rcc.o
LOAD Drivers/STM32F7xx_HAL_Driver/Src/stm32f7xx_hal_rcc_ex.o
LOAD Drivers/STM32F7xx_HAL_Driver/Src/stm32f7xx_hal_tim.o
LOAD Drivers/STM32F7xx_HAL_Driver/Src/stm32f7xx_hal_tim_ex.o
START GROUP
LOAD e:/st/stm32cubeide_1.4.0/stm32cubeide/plugins/com.st.stm32cube.ide.mcu.externaltools.gnu-tools-for-stm32.7-2018-q2-update.win32_1.4.0.202007081208/tools/bin/../lib/gcc/arm-none-eabi/7.3.1/../../../../arm-none-eabi/lib/thumb/v7e-m/fpv4-sp/hard\libc_nano.a
LOAD e:/st/stm32cubeide_1.4.0/stm32cubeide/plugins/com.st.stm32cube.ide.mcu.externaltools.gnu-tools-for-stm32.7-2018-q2-update.win32_1.4.0.202007081208/tools/bin/../lib/gcc/arm-none-eabi/7.3.1/../../../../arm-none-eabi/lib/thumb/v7e-m/fpv4-sp/hard\libm.a
END GROUP
START GROUP
LOAD e:/st/stm32cubeide_1.4.0/stm32cubeide/plugins/com.st.stm32cube.ide.mcu.externaltools.gnu-tools-for-stm32.7-2018-q2-update.win32_1.4.0.202007081208/tools/bin/../lib/gcc/arm-none-eabi/7.3.1/thumb/v7e-m/fpv4-sp/hard\libgcc.a
LOAD e:/st/stm32cubeide_1.4.0/stm32cubeide/plugins/com.st.stm32cube.ide.mcu.externaltools.gnu-tools-for-stm32.7-2018-q2-update.win32_1.4.0.202007081208/tools/bin/../lib/gcc/arm-none-eabi/7.3.1/../../../../arm-none-eabi/lib/thumb/v7e-m/fpv4-sp/hard\libc_nano.a
END GROUP
START GROUP
LOAD e:/st/stm32cubeide_1.4.0/stm32cubeide/plugins/com.st.stm32cube.ide.mcu.externaltools.gnu-tools-for-stm32.7-2018-q2-update.win32_1.4.0.202007081208/tools/bin/../lib/gcc/arm-none-eabi/7.3.1/thumb/v7e-m/fpv4-sp/hard\libgcc.a
LOAD e:/st/stm32cubeide_1.4.0/stm32cubeide/plugins/com.st.stm32cube.ide.mcu.externaltools.gnu-tools-for-stm32.7-2018-q2-update.win32_1.4.0.202007081208/tools/bin/../lib/gcc/arm-none-eabi/7.3.1/../../../../arm-none-eabi/lib/thumb/v7e-m/fpv4-sp/hard\libc_nano.a
LOAD e:/st/stm32cubeide_1.4.0/stm32cubeide/plugins/com.st.stm32cube.ide.mcu.externaltools.gnu-tools-for-stm32.7-2018-q2-update.win32_1.4.0.202007081208/tools/bin/../lib/gcc/arm-none-eabi/7.3.1/../../../../arm-none-eabi/lib/thumb/v7e-m/fpv4-sp/hard\libnosys.a
END GROUP
START GROUP
LOAD e:/st/stm32cubeide_1.4.0/stm32cubeide/plugins/com.st.stm32cube.ide.mcu.externaltools.gnu-tools-for-stm32.7-2018-q2-update.win32_1.4.0.202007081208/tools/bin/../lib/gcc/arm-none-eabi/7.3.1/thumb/v7e-m/fpv4-sp/hard\libgcc.a
LOAD e:/st/stm32cubeide_1.4.0/stm32cubeide/plugins/com.st.stm32cube.ide.mcu.externaltools.gnu-tools-for-stm32.7-2018-q2-update.win32_1.4.0.202007081208/tools/bin/../lib/gcc/arm-none-eabi/7.3.1/../../../../arm-none-eabi/lib/thumb/v7e-m/fpv4-sp/hard\libc_nano.a
LOAD e:/st/stm32cubeide_1.4.0/stm32cubeide/plugins/com.st.stm32cube.ide.mcu.externaltools.gnu-tools-for-stm32.7-2018-q2-update.win32_1.4.0.202007081208/tools/bin/../lib/gcc/arm-none-eabi/7.3.1/../../../../arm-none-eabi/lib/thumb/v7e-m/fpv4-sp/hard\libnosys.a
END GROUP
LOAD e:/st/stm32cubeide_1.4.0/stm32cubeide/plugins/com.st.stm32cube.ide.mcu.externaltools.gnu-tools-for-stm32.7-2018-q2-update.win32_1.4.0.202007081208/tools/bin/../lib/gcc/arm-none-eabi/7.3.1/thumb/v7e-m/fpv4-sp/hard/crtend.o
LOAD e:/st/stm32cubeide_1.4.0/stm32cubeide/plugins/com.st.stm32cube.ide.mcu.externaltools.gnu-tools-for-stm32.7-2018-q2-update.win32_1.4.0.202007081208/tools/bin/../lib/gcc/arm-none-eabi/7.3.1/thumb/v7e-m/fpv4-sp/hard/crtn.o
                0x0000000020050000                _estack = (ORIGIN (RAM) + LENGTH (RAM))
                0x0000000000000200                _Min_Heap_Size = 0x200
                0x0000000000000400                _Min_Stack_Size = 0x400

.isr_vector     0x0000000008000000      0x1c8
                0x0000000008000000                . = ALIGN (0x4)
 *(.isr_vector)
 .isr_vector    0x0000000008000000      0x1c8 Core/Startup/startup_stm32f746nghx.o
                0x0000000008000000                g_pfnVectors
                0x00000000080001c8                . = ALIGN (0x4)

.text           0x00000000080001c8     0x2aac
                0x00000000080001c8                . = ALIGN (0x4)
 *(.text)
 .text          0x00000000080001c8       0x40 e:/st/stm32cubeide_1.4.0/stm32cubeide/plugins/com.st.stm32cube.ide.mcu.externaltools.gnu-tools-for-stm32.7-2018-q2-update.win32_1.4.0.202007081208/tools/bin/../lib/gcc/arm-none-eabi/7.3.1/thumb/v7e-m/fpv4-sp/hard/crtbegin.o
 .text          0x0000000008000208       0x30 e:/st/stm32cubeide_1.4.0/stm32cubeide/plugins/com.st.stm32cube.ide.mcu.externaltools.gnu-tools-for-stm32.7-2018-q2-update.win32_1.4.0.202007081208/tools/bin/../lib/gcc/arm-none-eabi/7.3.1/thumb/v7e-m/fpv4-sp/hard\libgcc.a(_aeabi_uldivmod.o)
                0x0000000008000208                __aeabi_uldivmod
 .text          0x0000000008000238      0x2cc e:/st/stm32cubeide_1.4.0/stm32cubeide/plugins/com.st.stm32cube.ide.mcu.externaltools.gnu-tools-for-stm32.7-2018-q2-update.win32_1.4.0.202007081208/tools/bin/../lib/gcc/arm-none-eabi/7.3.1/thumb/v7e-m/fpv4-sp/hard\libgcc.a(_udivmoddi4.o)
                0x0000000008000238                __udivmoddi4
 .text          0x0000000008000504        0x4 e:/st/stm32cubeide_1.4.0/stm32cubeide/plugins/com.st.stm32cube.ide.mcu.externaltools.gnu-tools-for-stm32.7-2018-q2-update.win32_1.4.0.202007081208/tools/bin/../lib/gcc/arm-none-eabi/7.3.1/thumb/v7e-m/fpv4-sp/hard\libgcc.a(_dvmd_tls.o)
                0x0000000008000504                __aeabi_idiv0
                0x0000000008000504                __aeabi_ldiv0
 *(.text*)
 .text.main     0x0000000008000508       0x98 Core/Src/main.o
                0x0000000008000508                main
 .text.SystemClock_Config
                0x00000000080005a0       0xf4 Core/Src/main.o
                0x00000000080005a0                SystemClock_Config
 .text.MX_I2C1_Init
                0x0000000008000694       0x80 Core/Src/main.o
 .text.MX_GPIO_Init
                0x0000000008000714       0x30 Core/Src/main.o
 .text.Error_Handler
                0x0000000008000744        0xe Core/Src/main.o
                0x0000000008000744                Error_Handler
 .text.ssd1306_Reset
                0x0000000008000752        0xe Core/Src/ssd1306.o
                0x0000000008000752                ssd1306_Reset
 .text.ssd1306_WriteCommand
                0x0000000008000760       0x30 Core/Src/ssd1306.o
                0x0000000008000760                ssd1306_WriteCommand
 .text.ssd1306_WriteData
                0x0000000008000790       0x34 Core/Src/ssd1306.o
                0x0000000008000790                ssd1306_WriteData
 .text.ssd1306_Init
                0x00000000080007c4       0xd4 Core/Src/ssd1306.o
                0x00000000080007c4                ssd1306_Init
 .text.ssd1306_Fill
                0x0000000008000898       0x44 Core/Src/ssd1306.o
                0x0000000008000898                ssd1306_Fill
 .text.ssd1306_UpdateScreen
                0x00000000080008dc       0x4c Core/Src/ssd1306.o
                0x00000000080008dc                ssd1306_UpdateScreen
 .text.ssd1306_DrawPixel
                0x0000000008000928       0xc0 Core/Src/ssd1306.o
                0x0000000008000928                ssd1306_DrawPixel
 .text.ssd1306_WriteChar
                0x00000000080009e8      0x110 Core/Src/ssd1306.o
                0x00000000080009e8                ssd1306_WriteChar
 .text.ssd1306_WriteString
                0x0000000008000af8       0x4c Core/Src/ssd1306.o
                0x0000000008000af8                ssd1306_WriteString
 .text.ssd1306_SetCursor
                0x0000000008000b44       0x30 Core/Src/ssd1306.o
                0x0000000008000b44                ssd1306_SetCursor
 .text.ssd1306_SetContrast
                0x0000000008000b74       0x26 Core/Src/ssd1306.o
                0x0000000008000b74                ssd1306_SetContrast
 *fill*         0x0000000008000b9a        0x2 
 .text.ssd1306_SetDisplayOn
                0x0000000008000b9c       0x3c Core/Src/ssd1306.o
                0x0000000008000b9c                ssd1306_SetDisplayOn
 .text.HAL_MspInit
                0x0000000008000bd8       0x48 Core/Src/stm32f7xx_hal_msp.o
                0x0000000008000bd8                HAL_MspInit
 .text.HAL_I2C_MspInit
                0x0000000008000c20       0x88 Core/Src/stm32f7xx_hal_msp.o
                0x0000000008000c20                HAL_I2C_MspInit
 .text.NMI_Handler
                0x0000000008000ca8        0xe Core/Src/stm32f7xx_it.o
                0x0000000008000ca8                NMI_Handler
 .text.HardFault_Handler
                0x0000000008000cb6        0x6 Core/Src/stm32f7xx_it.o
                0x0000000008000cb6                HardFault_Handler
 .text.MemManage_Handler
                0x0000000008000cbc        0x6 Core/Src/stm32f7xx_it.o
                0x0000000008000cbc                MemManage_Handler
 .text.BusFault_Handler
                0x0000000008000cc2        0x6 Core/Src/stm32f7xx_it.o
                0x0000000008000cc2                BusFault_Handler
 .text.UsageFault_Handler
                0x0000000008000cc8        0x6 Core/Src/stm32f7xx_it.o
                0x0000000008000cc8                UsageFault_Handler
 .text.SVC_Handler
                0x0000000008000cce        0xe Core/Src/stm32f7xx_it.o
                0x0000000008000cce                SVC_Handler
 .text.DebugMon_Handler
                0x0000000008000cdc        0xe Core/Src/stm32f7xx_it.o
                0x0000000008000cdc                DebugMon_Handler
 .text.PendSV_Handler
                0x0000000008000cea        0xe Core/Src/stm32f7xx_it.o
                0x0000000008000cea                PendSV_Handler
 .text.SysTick_Handler
                0x0000000008000cf8        0xc Core/Src/stm32f7xx_it.o
                0x0000000008000cf8                SysTick_Handler
 .text.SystemInit
                0x0000000008000d04       0x24 Core/Src/system_stm32f7xx.o
                0x0000000008000d04                SystemInit
 .text.Reset_Handler
                0x0000000008000d28       0x50 Core/Startup/startup_stm32f746nghx.o
                0x0000000008000d28                Reset_Handler
 .text.Default_Handler
                0x0000000008000d78        0x2 Core/Startup/startup_stm32f746nghx.o
                0x0000000008000d78                RTC_Alarm_IRQHandler
                0x0000000008000d78                EXTI2_IRQHandler
                0x0000000008000d78                TIM8_CC_IRQHandler
                0x0000000008000d78                UART8_IRQHandler
                0x0000000008000d78                SPI4_IRQHandler
                0x0000000008000d78                TIM1_CC_IRQHandler
                0x0000000008000d78                DMA2_Stream5_IRQHandler
                0x0000000008000d78                DMA1_Stream5_IRQHandler
                0x0000000008000d78                PVD_IRQHandler
                0x0000000008000d78                TAMP_STAMP_IRQHandler
                0x0000000008000d78                CAN2_RX1_IRQHandler
                0x0000000008000d78                EXTI3_IRQHandler
                0x0000000008000d78                TIM8_TRG_COM_TIM14_IRQHandler
                0x0000000008000d78                TIM1_UP_TIM10_IRQHandler
                0x0000000008000d78                TIM8_UP_TIM13_IRQHandler
                0x0000000008000d78                I2C3_ER_IRQHandler
                0x0000000008000d78                EXTI0_IRQHandler
                0x0000000008000d78                I2C2_EV_IRQHandler
                0x0000000008000d78                DMA1_Stream2_IRQHandler
                0x0000000008000d78                CAN1_RX0_IRQHandler
                0x0000000008000d78                FPU_IRQHandler
                0x0000000008000d78                OTG_HS_WKUP_IRQHandler
                0x0000000008000d78                LTDC_ER_IRQHandler
                0x0000000008000d78                CAN2_SCE_IRQHandler
                0x0000000008000d78                DMA2_Stream2_IRQHandler
                0x0000000008000d78                SPI1_IRQHandler
                0x0000000008000d78                TIM6_DAC_IRQHandler
                0x0000000008000d78                TIM1_BRK_TIM9_IRQHandler
                0x0000000008000d78                DCMI_IRQHandler
                0x0000000008000d78                CAN2_RX0_IRQHandler
                0x0000000008000d78                DMA2_Stream3_IRQHandler
                0x0000000008000d78                SAI2_IRQHandler
                0x0000000008000d78                USART6_IRQHandler
                0x0000000008000d78                USART3_IRQHandler
                0x0000000008000d78                CAN1_RX1_IRQHandler
                0x0000000008000d78                UART5_IRQHandler
                0x0000000008000d78                DMA2_Stream0_IRQHandler
                0x0000000008000d78                TIM4_IRQHandler
                0x0000000008000d78                QUADSPI_IRQHandler
                0x0000000008000d78                I2C1_EV_IRQHandler
                0x0000000008000d78                DMA1_Stream6_IRQHandler
                0x0000000008000d78                DMA1_Stream1_IRQHandler
                0x0000000008000d78                UART4_IRQHandler
                0x0000000008000d78                TIM3_IRQHandler
                0x0000000008000d78                RCC_IRQHandler
                0x0000000008000d78                TIM8_BRK_TIM12_IRQHandler
                0x0000000008000d78                Default_Handler
                0x0000000008000d78                CEC_IRQHandler
                0x0000000008000d78                EXTI15_10_IRQHandler
                0x0000000008000d78                ADC_IRQHandler
                0x0000000008000d78                DMA1_Stream7_IRQHandler
                0x0000000008000d78                SPI5_IRQHandler
                0x0000000008000d78                TIM7_IRQHandler
                0x0000000008000d78                SDMMC1_IRQHandler
                0x0000000008000d78                CAN2_TX_IRQHandler
                0x0000000008000d78                TIM5_IRQHandler
                0x0000000008000d78                DMA2_Stream7_IRQHandler
                0x0000000008000d78                I2C3_EV_IRQHandler
                0x0000000008000d78                EXTI9_5_IRQHandler
                0x0000000008000d78                RTC_WKUP_IRQHandler
                0x0000000008000d78                LTDC_IRQHandler
                0x0000000008000d78                ETH_WKUP_IRQHandler
                0x0000000008000d78                SPDIF_RX_IRQHandler
                0x0000000008000d78                SPI2_IRQHandler
                0x0000000008000d78                OTG_HS_EP1_IN_IRQHandler
                0x0000000008000d78                DMA1_Stream0_IRQHandler
                0x0000000008000d78                CAN1_TX_IRQHandler
                0x0000000008000d78                EXTI4_IRQHandler
                0x0000000008000d78                RNG_IRQHandler
                0x0000000008000d78                ETH_IRQHandler
                0x0000000008000d78                OTG_HS_EP1_OUT_IRQHandler
                0x0000000008000d78                WWDG_IRQHandler
                0x0000000008000d78                SPI6_IRQHandler
                0x0000000008000d78                I2C4_EV_IRQHandler
                0x0000000008000d78                TIM2_IRQHandler
                0x0000000008000d78                OTG_FS_WKUP_IRQHandler
                0x0000000008000d78                TIM1_TRG_COM_TIM11_IRQHandler
                0x0000000008000d78                OTG_HS_IRQHandler
                0x0000000008000d78                DMA2D_IRQHandler
                0x0000000008000d78                EXTI1_IRQHandler
                0x0000000008000d78                UART7_IRQHandler
                0x0000000008000d78                USART2_IRQHandler
                0x0000000008000d78                I2C2_ER_IRQHandler
                0x0000000008000d78                DMA2_Stream1_IRQHandler
                0x0000000008000d78                CAN1_SCE_IRQHandler
                0x0000000008000d78                FLASH_IRQHandler
                0x0000000008000d78                DMA2_Stream4_IRQHandler
                0x0000000008000d78                USART1_IRQHandler
                0x0000000008000d78                OTG_FS_IRQHandler
                0x0000000008000d78                SPI3_IRQHandler
                0x0000000008000d78                DMA1_Stream4_IRQHandler
                0x0000000008000d78                I2C1_ER_IRQHandler
                0x0000000008000d78                FMC_IRQHandler
                0x0000000008000d78                LPTIM1_IRQHandler
                0x0000000008000d78                I2C4_ER_IRQHandler
                0x0000000008000d78                DMA2_Stream6_IRQHandler
                0x0000000008000d78                SAI1_IRQHandler
                0x0000000008000d78                DMA1_Stream3_IRQHandler
 .text.HAL_Init
                0x0000000008000d7a       0x1a Drivers/STM32F7xx_HAL_Driver/Src/stm32f7xx_hal.o
                0x0000000008000d7a                HAL_Init
 .text.HAL_InitTick
                0x0000000008000d94       0x60 Drivers/STM32F7xx_HAL_Driver/Src/stm32f7xx_hal.o
                0x0000000008000d94                HAL_InitTick
 .text.HAL_IncTick
                0x0000000008000df4       0x28 Drivers/STM32F7xx_HAL_Driver/Src/stm32f7xx_hal.o
                0x0000000008000df4                HAL_IncTick
 .text.HAL_GetTick
                0x0000000008000e1c       0x18 Drivers/STM32F7xx_HAL_Driver/Src/stm32f7xx_hal.o
                0x0000000008000e1c                HAL_GetTick
 .text.HAL_Delay
                0x0000000008000e34       0x44 Drivers/STM32F7xx_HAL_Driver/Src/stm32f7xx_hal.o
                0x0000000008000e34                HAL_Delay
 .text.__NVIC_SetPriorityGrouping
                0x0000000008000e78       0x48 Drivers/STM32F7xx_HAL_Driver/Src/stm32f7xx_hal_cortex.o
 .text.__NVIC_GetPriorityGrouping
                0x0000000008000ec0       0x1c Drivers/STM32F7xx_HAL_Driver/Src/stm32f7xx_hal_cortex.o
 .text.__NVIC_SetPriority
                0x0000000008000edc       0x54 Drivers/STM32F7xx_HAL_Driver/Src/stm32f7xx_hal_cortex.o
 .text.NVIC_EncodePriority
                0x0000000008000f30       0x66 Drivers/STM32F7xx_HAL_Driver/Src/stm32f7xx_hal_cortex.o
 *fill*         0x0000000008000f96        0x2 
 .text.SysTick_Config
                0x0000000008000f98       0x44 Drivers/STM32F7xx_HAL_Driver/Src/stm32f7xx_hal_cortex.o
 .text.HAL_NVIC_SetPriorityGrouping
                0x0000000008000fdc       0x16 Drivers/STM32F7xx_HAL_Driver/Src/stm32f7xx_hal_cortex.o
                0x0000000008000fdc                HAL_NVIC_SetPriorityGrouping
 .text.HAL_NVIC_SetPriority
                0x0000000008000ff2       0x38 Drivers/STM32F7xx_HAL_Driver/Src/stm32f7xx_hal_cortex.o
                0x0000000008000ff2                HAL_NVIC_SetPriority
 .text.HAL_SYSTICK_Config
                0x000000000800102a       0x18 Drivers/STM32F7xx_HAL_Driver/Src/stm32f7xx_hal_cortex.o
                0x000000000800102a                HAL_SYSTICK_Config
 *fill*         0x0000000008001042        0x2 
 .text.HAL_GPIO_Init
                0x0000000008001044      0x354 Drivers/STM32F7xx_HAL_Driver/Src/stm32f7xx_hal_gpio.o
                0x0000000008001044                HAL_GPIO_Init
 .text.HAL_I2C_Init
                0x0000000008001398      0x120 Drivers/STM32F7xx_HAL_Driver/Src/stm32f7xx_hal_i2c.o
                0x0000000008001398                HAL_I2C_Init
 .text.HAL_I2C_Mem_Write
                0x00000000080014b8      0x228 Drivers/STM32F7xx_HAL_Driver/Src/stm32f7xx_hal_i2c.o
                0x00000000080014b8                HAL_I2C_Mem_Write
 .text.I2C_RequestMemoryWrite
                0x00000000080016e0       0xa8 Drivers/STM32F7xx_HAL_Driver/Src/stm32f7xx_hal_i2c.o
 .text.I2C_Flush_TXDR
                0x0000000008001788       0x48 Drivers/STM32F7xx_HAL_Driver/Src/stm32f7xx_hal_i2c.o
 .text.I2C_WaitOnFlagUntilTimeout
                0x00000000080017d0       0x80 Drivers/STM32F7xx_HAL_Driver/Src/stm32f7xx_hal_i2c.o
 .text.I2C_WaitOnTXISFlagUntilTimeout
                0x0000000008001850       0x80 Drivers/STM32F7xx_HAL_Driver/Src/stm32f7xx_hal_i2c.o
 .text.I2C_WaitOnSTOPFlagUntilTimeout
                0x00000000080018d0       0x78 Drivers/STM32F7xx_HAL_Driver/Src/stm32f7xx_hal_i2c.o
 .text.I2C_IsAcknowledgeFailed
                0x0000000008001948       0xcc Drivers/STM32F7xx_HAL_Driver/Src/stm32f7xx_hal_i2c.o
 .text.I2C_TransferConfig
                0x0000000008001a14       0x5c Drivers/STM32F7xx_HAL_Driver/Src/stm32f7xx_hal_i2c.o
 .text.HAL_I2CEx_ConfigAnalogFilter
                0x0000000008001a70       0x96 Drivers/STM32F7xx_HAL_Driver/Src/stm32f7xx_hal_i2c_ex.o
                0x0000000008001a70                HAL_I2CEx_ConfigAnalogFilter
 .text.HAL_I2CEx_ConfigDigitalFilter
                0x0000000008001b06       0x98 Drivers/STM32F7xx_HAL_Driver/Src/stm32f7xx_hal_i2c_ex.o
                0x0000000008001b06                HAL_I2CEx_ConfigDigitalFilter
 *fill*         0x0000000008001b9e        0x2 
 .text.HAL_RCC_OscConfig
                0x0000000008001ba0      0x548 Drivers/STM32F7xx_HAL_Driver/Src/stm32f7xx_hal_rcc.o
                0x0000000008001ba0                HAL_RCC_OscConfig
 .text.HAL_RCC_ClockConfig
                0x00000000080020e8      0x1d8 Drivers/STM32F7xx_HAL_Driver/Src/stm32f7xx_hal_rcc.o
                0x00000000080020e8                HAL_RCC_ClockConfig
 .text.HAL_RCC_GetSysClockFreq
                0x00000000080022c0      0x164 Drivers/STM32F7xx_HAL_Driver/Src/stm32f7xx_hal_rcc.o
                0x00000000080022c0                HAL_RCC_GetSysClockFreq
 .text.HAL_RCCEx_PeriphCLKConfig
                0x0000000008002424      0x7e0 Drivers/STM32F7xx_HAL_Driver/Src/stm32f7xx_hal_rcc_ex.o
                0x0000000008002424                HAL_RCCEx_PeriphCLKConfig
 .text.__libc_init_array
                0x0000000008002c04       0x48 e:/st/stm32cubeide_1.4.0/stm32cubeide/plugins/com.st.stm32cube.ide.mcu.externaltools.gnu-tools-for-stm32.7-2018-q2-update.win32_1.4.0.202007081208/tools/bin/../lib/gcc/arm-none-eabi/7.3.1/../../../../arm-none-eabi/lib/thumb/v7e-m/fpv4-sp/hard\libc_nano.a(lib_a-init.o)
                0x0000000008002c04                __libc_init_array
 .text.memset   0x0000000008002c4c       0x10 e:/st/stm32cubeide_1.4.0/stm32cubeide/plugins/com.st.stm32cube.ide.mcu.externaltools.gnu-tools-for-stm32.7-2018-q2-update.win32_1.4.0.202007081208/tools/bin/../lib/gcc/arm-none-eabi/7.3.1/../../../../arm-none-eabi/lib/thumb/v7e-m/fpv4-sp/hard\libc_nano.a(lib_a-memset.o)
                0x0000000008002c4c                memset
 *(.glue_7)
 .glue_7        0x0000000008002c5c        0x0 linker stubs
 *(.glue_7t)
 .glue_7t       0x0000000008002c5c        0x0 linker stubs
 *(.eh_frame)
 .eh_frame      0x0000000008002c5c        0x0 e:/st/stm32cubeide_1.4.0/stm32cubeide/plugins/com.st.stm32cube.ide.mcu.externaltools.gnu-tools-for-stm32.7-2018-q2-update.win32_1.4.0.202007081208/tools/bin/../lib/gcc/arm-none-eabi/7.3.1/thumb/v7e-m/fpv4-sp/hard/crtbegin.o
 *(.init)
 .init          0x0000000008002c5c        0x4 e:/st/stm32cubeide_1.4.0/stm32cubeide/plugins/com.st.stm32cube.ide.mcu.externaltools.gnu-tools-for-stm32.7-2018-q2-update.win32_1.4.0.202007081208/tools/bin/../lib/gcc/arm-none-eabi/7.3.1/thumb/v7e-m/fpv4-sp/hard/crti.o
                0x0000000008002c5c                _init
 .init          0x0000000008002c60        0x8 e:/st/stm32cubeide_1.4.0/stm32cubeide/plugins/com.st.stm32cube.ide.mcu.externaltools.gnu-tools-for-stm32.7-2018-q2-update.win32_1.4.0.202007081208/tools/bin/../lib/gcc/arm-none-eabi/7.3.1/thumb/v7e-m/fpv4-sp/hard/crtn.o
 *(.fini)
 .fini          0x0000000008002c68        0x4 e:/st/stm32cubeide_1.4.0/stm32cubeide/plugins/com.st.stm32cube.ide.mcu.externaltools.gnu-tools-for-stm32.7-2018-q2-update.win32_1.4.0.202007081208/tools/bin/../lib/gcc/arm-none-eabi/7.3.1/thumb/v7e-m/fpv4-sp/hard/crti.o
                0x0000000008002c68                _fini
 .fini          0x0000000008002c6c        0x8 e:/st/stm32cubeide_1.4.0/stm32cubeide/plugins/com.st.stm32cube.ide.mcu.externaltools.gnu-tools-for-stm32.7-2018-q2-update.win32_1.4.0.202007081208/tools/bin/../lib/gcc/arm-none-eabi/7.3.1/thumb/v7e-m/fpv4-sp/hard/crtn.o
                0x0000000008002c74                . = ALIGN (0x4)
                0x0000000008002c74                _etext = .

.vfp11_veneer   0x0000000008002c74        0x0
 .vfp11_veneer  0x0000000008002c74        0x0 linker stubs

.v4_bx          0x0000000008002c74        0x0
 .v4_bx         0x0000000008002c74        0x0 linker stubs

.iplt           0x0000000008002c74        0x0
 .iplt          0x0000000008002c74        0x0 e:/st/stm32cubeide_1.4.0/stm32cubeide/plugins/com.st.stm32cube.ide.mcu.externaltools.gnu-tools-for-stm32.7-2018-q2-update.win32_1.4.0.202007081208/tools/bin/../lib/gcc/arm-none-eabi/7.3.1/thumb/v7e-m/fpv4-sp/hard/crtbegin.o

.rodata         0x0000000008002c74     0x1364
                0x0000000008002c74                . = ALIGN (0x4)
 *(.rodata)
 .rodata        0x0000000008002c74        0x8 Core/Src/main.o
 *(.rodata*)
 .rodata.Font16x26
                0x0000000008002c7c     0x134c Core/Src/ssd1306_fonts.o
 .rodata.AHBPrescTable
                0x0000000008003fc8       0x10 Core/Src/system_stm32f7xx.o
                0x0000000008003fc8                AHBPrescTable
                0x0000000008003fd8                . = ALIGN (0x4)

.ARM.extab      0x0000000008003fd8        0x0
                0x0000000008003fd8                . = ALIGN (0x4)
 *(.ARM.extab* .gnu.linkonce.armextab.*)
                0x0000000008003fd8                . = ALIGN (0x4)

.ARM            0x0000000008003fd8        0x8
                0x0000000008003fd8                . = ALIGN (0x4)
                0x0000000008003fd8                __exidx_start = .
 *(.ARM.exidx*)
 .ARM.exidx     0x0000000008003fd8        0x8 e:/st/stm32cubeide_1.4.0/stm32cubeide/plugins/com.st.stm32cube.ide.mcu.externaltools.gnu-tools-for-stm32.7-2018-q2-update.win32_1.4.0.202007081208/tools/bin/../lib/gcc/arm-none-eabi/7.3.1/thumb/v7e-m/fpv4-sp/hard\libgcc.a(_udivmoddi4.o)
                0x0000000008003fe0                __exidx_end = .
                0x0000000008003fe0                . = ALIGN (0x4)

.rel.dyn        0x0000000008003fe0        0x0
 .rel.iplt      0x0000000008003fe0        0x0 e:/st/stm32cubeide_1.4.0/stm32cubeide/plugins/com.st.stm32cube.ide.mcu.externaltools.gnu-tools-for-stm32.7-2018-q2-update.win32_1.4.0.202007081208/tools/bin/../lib/gcc/arm-none-eabi/7.3.1/thumb/v7e-m/fpv4-sp/hard/crtbegin.o

.preinit_array  0x0000000008003fe0        0x0
                0x0000000008003fe0                . = ALIGN (0x4)
                0x0000000008003fe0                PROVIDE (__preinit_array_start = .)
 *(.preinit_array*)
                0x0000000008003fe0                PROVIDE (__preinit_array_end = .)
                0x0000000008003fe0                . = ALIGN (0x4)

.init_array     0x0000000008003fe0        0x4
                0x0000000008003fe0                . = ALIGN (0x4)
                0x0000000008003fe0                PROVIDE (__init_array_start = .)
 *(SORT_BY_NAME(.init_array.*))
 *(.init_array*)
 .init_array    0x0000000008003fe0        0x4 e:/st/stm32cubeide_1.4.0/stm32cubeide/plugins/com.st.stm32cube.ide.mcu.externaltools.gnu-tools-for-stm32.7-2018-q2-update.win32_1.4.0.202007081208/tools/bin/../lib/gcc/arm-none-eabi/7.3.1/thumb/v7e-m/fpv4-sp/hard/crtbegin.o
                0x0000000008003fe4                PROVIDE (__init_array_end = .)
                0x0000000008003fe4                . = ALIGN (0x4)

.fini_array     0x0000000008003fe4        0x4
                0x0000000008003fe4                . = ALIGN (0x4)
                [!provide]                        PROVIDE (__fini_array_start = .)
 *(SORT_BY_NAME(.fini_array.*))
 *(.fini_array*)
 .fini_array    0x0000000008003fe4        0x4 e:/st/stm32cubeide_1.4.0/stm32cubeide/plugins/com.st.stm32cube.ide.mcu.externaltools.gnu-tools-for-stm32.7-2018-q2-update.win32_1.4.0.202007081208/tools/bin/../lib/gcc/arm-none-eabi/7.3.1/thumb/v7e-m/fpv4-sp/hard/crtbegin.o
                [!provide]                        PROVIDE (__fini_array_end = .)
                0x0000000008003fe8                . = ALIGN (0x4)
                0x0000000008003fe8                _sidata = LOADADDR (.data)

.data           0x0000000020000000       0x14 load address 0x0000000008003fe8
                0x0000000020000000                . = ALIGN (0x4)
                0x0000000020000000                _sdata = .
 *(.data)
 *(.data*)
 .data.Font_16x26
                0x0000000020000000        0x8 Core/Src/ssd1306_fonts.o
                0x0000000020000000                Font_16x26
 .data.SystemCoreClock
                0x0000000020000008        0x4 Core/Src/system_stm32f7xx.o
                0x0000000020000008                SystemCoreClock
 .data.uwTickPrio
                0x000000002000000c        0x4 Drivers/STM32F7xx_HAL_Driver/Src/stm32f7xx_hal.o
                0x000000002000000c                uwTickPrio
 .data.uwTickFreq
                0x0000000020000010        0x1 Drivers/STM32F7xx_HAL_Driver/Src/stm32f7xx_hal.o
                0x0000000020000010                uwTickFreq
                0x0000000020000014                . = ALIGN (0x4)
 *fill*         0x0000000020000011        0x3 
                0x0000000020000014                _edata = .

.igot.plt       0x0000000020000014        0x0 load address 0x0000000008003ffc
 .igot.plt      0x0000000020000014        0x0 e:/st/stm32cubeide_1.4.0/stm32cubeide/plugins/com.st.stm32cube.ide.mcu.externaltools.gnu-tools-for-stm32.7-2018-q2-update.win32_1.4.0.202007081208/tools/bin/../lib/gcc/arm-none-eabi/7.3.1/thumb/v7e-m/fpv4-sp/hard/crtbegin.o
                0x0000000020000014                . = ALIGN (0x4)

.bss            0x0000000020000014      0x274 load address 0x0000000008003ffc
                0x0000000020000014                _sbss = .
                0x0000000020000014                __bss_start__ = _sbss
 *(.bss)
 .bss           0x0000000020000014       0x1c e:/st/stm32cubeide_1.4.0/stm32cubeide/plugins/com.st.stm32cube.ide.mcu.externaltools.gnu-tools-for-stm32.7-2018-q2-update.win32_1.4.0.202007081208/tools/bin/../lib/gcc/arm-none-eabi/7.3.1/thumb/v7e-m/fpv4-sp/hard/crtbegin.o
 *(.bss*)
 .bss.SSD1306_Buffer
                0x0000000020000030      0x200 Core/Src/ssd1306.o
 .bss.SSD1306   0x0000000020000230        0x8 Core/Src/ssd1306.o
 *(COMMON)
 COMMON         0x0000000020000238       0x4c Core/Src/main.o
                0x0000000020000238                hi2c1
 COMMON         0x0000000020000284        0x4 Drivers/STM32F7xx_HAL_Driver/Src/stm32f7xx_hal.o
                0x0000000020000284                uwTick
                0x0000000020000288                . = ALIGN (0x4)
                0x0000000020000288                _ebss = .
                0x0000000020000288                __bss_end__ = _ebss

._user_heap_stack
                0x0000000020000288      0x600 load address 0x0000000008003ffc
                0x0000000020000288                . = ALIGN (0x8)
                [!provide]                        PROVIDE (end = .)
                0x0000000020000288                PROVIDE (_end = .)
                0x0000000020000488                . = (. + _Min_Heap_Size)
 *fill*         0x0000000020000288      0x200 
                0x0000000020000888                . = (. + _Min_Stack_Size)
 *fill*         0x0000000020000488      0x400 
                0x0000000020000888                . = ALIGN (0x8)

/DISCARD/
 libc.a(*)
 libm.a(*)
 libgcc.a(*)

.ARM.attributes
                0x0000000000000000       0x30
 *(.ARM.attributes)
 .ARM.attributes
                0x0000000000000000       0x22 e:/st/stm32cubeide_1.4.0/stm32cubeide/plugins/com.st.stm32cube.ide.mcu.externaltools.gnu-tools-for-stm32.7-2018-q2-update.win32_1.4.0.202007081208/tools/bin/../lib/gcc/arm-none-eabi/7.3.1/thumb/v7e-m/fpv4-sp/hard/crti.o
 .ARM.attributes
                0x0000000000000022       0x34 e:/st/stm32cubeide_1.4.0/stm32cubeide/plugins/com.st.stm32cube.ide.mcu.externaltools.gnu-tools-for-stm32.7-2018-q2-update.win32_1.4.0.202007081208/tools/bin/../lib/gcc/arm-none-eabi/7.3.1/thumb/v7e-m/fpv4-sp/hard/crtbegin.o
 .ARM.attributes
                0x0000000000000056       0x39 Core/Src/main.o
 .ARM.attributes
                0x000000000000008f       0x39 Core/Src/ssd1306.o
 .ARM.attributes
                0x00000000000000c8       0x39 Core/Src/ssd1306_fonts.o
 .ARM.attributes
                0x0000000000000101       0x39 Core/Src/stm32f7xx_hal_msp.o
 .ARM.attributes
                0x000000000000013a       0x39 Core/Src/stm32f7xx_it.o
 .ARM.attributes
                0x0000000000000173       0x39 Core/Src/system_stm32f7xx.o
 .ARM.attributes
                0x00000000000001ac       0x21 Core/Startup/startup_stm32f746nghx.o
 .ARM.attributes
                0x00000000000001cd       0x39 Drivers/STM32F7xx_HAL_Driver/Src/stm32f7xx_hal.o
 .ARM.attributes
                0x0000000000000206       0x39 Drivers/STM32F7xx_HAL_Driver/Src/stm32f7xx_hal_cortex.o
 .ARM.attributes
                0x000000000000023f       0x39 Drivers/STM32F7xx_HAL_Driver/Src/stm32f7xx_hal_gpio.o
 .ARM.attributes
                0x0000000000000278       0x39 Drivers/STM32F7xx_HAL_Driver/Src/stm32f7xx_hal_i2c.o
 .ARM.attributes
                0x00000000000002b1       0x39 Drivers/STM32F7xx_HAL_Driver/Src/stm32f7xx_hal_i2c_ex.o
 .ARM.attributes
                0x00000000000002ea       0x39 Drivers/STM32F7xx_HAL_Driver/Src/stm32f7xx_hal_rcc.o
 .ARM.attributes
                0x0000000000000323       0x39 Drivers/STM32F7xx_HAL_Driver/Src/stm32f7xx_hal_rcc_ex.o
 .ARM.attributes
                0x000000000000035c       0x34 e:/st/stm32cubeide_1.4.0/stm32cubeide/plugins/com.st.stm32cube.ide.mcu.externaltools.gnu-tools-for-stm32.7-2018-q2-update.win32_1.4.0.202007081208/tools/bin/../lib/gcc/arm-none-eabi/7.3.1/../../../../arm-none-eabi/lib/thumb/v7e-m/fpv4-sp/hard\libc_nano.a(lib_a-init.o)
 .ARM.attributes
                0x0000000000000390       0x34 e:/st/stm32cubeide_1.4.0/stm32cubeide/plugins/com.st.stm32cube.ide.mcu.externaltools.gnu-tools-for-stm32.7-2018-q2-update.win32_1.4.0.202007081208/tools/bin/../lib/gcc/arm-none-eabi/7.3.1/../../../../arm-none-eabi/lib/thumb/v7e-m/fpv4-sp/hard\libc_nano.a(lib_a-memset.o)
 .ARM.attributes
                0x00000000000003c4       0x22 e:/st/stm32cubeide_1.4.0/stm32cubeide/plugins/com.st.stm32cube.ide.mcu.externaltools.gnu-tools-for-stm32.7-2018-q2-update.win32_1.4.0.202007081208/tools/bin/../lib/gcc/arm-none-eabi/7.3.1/thumb/v7e-m/fpv4-sp/hard\libgcc.a(_aeabi_uldivmod.o)
 .ARM.attributes
                0x00000000000003e6       0x34 e:/st/stm32cubeide_1.4.0/stm32cubeide/plugins/com.st.stm32cube.ide.mcu.externaltools.gnu-tools-for-stm32.7-2018-q2-update.win32_1.4.0.202007081208/tools/bin/../lib/gcc/arm-none-eabi/7.3.1/thumb/v7e-m/fpv4-sp/hard\libgcc.a(_udivmoddi4.o)
 .ARM.attributes
                0x000000000000041a       0x22 e:/st/stm32cubeide_1.4.0/stm32cubeide/plugins/com.st.stm32cube.ide.mcu.externaltools.gnu-tools-for-stm32.7-2018-q2-update.win32_1.4.0.202007081208/tools/bin/../lib/gcc/arm-none-eabi/7.3.1/thumb/v7e-m/fpv4-sp/hard\libgcc.a(_dvmd_tls.o)
 .ARM.attributes
                0x000000000000043c       0x22 e:/st/stm32cubeide_1.4.0/stm32cubeide/plugins/com.st.stm32cube.ide.mcu.externaltools.gnu-tools-for-stm32.7-2018-q2-update.win32_1.4.0.202007081208/tools/bin/../lib/gcc/arm-none-eabi/7.3.1/thumb/v7e-m/fpv4-sp/hard/crtn.o
OUTPUT(i2c_HAL.elf elf32-littlearm)

.debug_info     0x0000000000000000     0x96d8
 .debug_info    0x0000000000000000      0xd7b Core/Src/main.o
 .debug_info    0x0000000000000d7b     0x16b2 Core/Src/ssd1306.o
 .debug_info    0x000000000000242d      0x1dd Core/Src/ssd1306_fonts.o
 .debug_info    0x000000000000260a      0xa54 Core/Src/stm32f7xx_hal_msp.o
 .debug_info    0x000000000000305e      0x20a Core/Src/stm32f7xx_it.o
 .debug_info    0x0000000000003268      0x73d Core/Src/system_stm32f7xx.o
 .debug_info    0x00000000000039a5       0x22 Core/Startup/startup_stm32f746nghx.o
 .debug_info    0x00000000000039c7      0x9d3 Drivers/STM32F7xx_HAL_Driver/Src/stm32f7xx_hal.o
 .debug_info    0x000000000000439a     0x104a Drivers/STM32F7xx_HAL_Driver/Src/stm32f7xx_hal_cortex.o
 .debug_info    0x00000000000053e4      0x7eb Drivers/STM32F7xx_HAL_Driver/Src/stm32f7xx_hal_gpio.o
 .debug_info    0x0000000000005bcf     0x2039 Drivers/STM32F7xx_HAL_Driver/Src/stm32f7xx_hal_i2c.o
 .debug_info    0x0000000000007c08      0x9ee Drivers/STM32F7xx_HAL_Driver/Src/stm32f7xx_hal_i2c_ex.o
 .debug_info    0x00000000000085f6      0x935 Drivers/STM32F7xx_HAL_Driver/Src/stm32f7xx_hal_rcc.o
 .debug_info    0x0000000000008f2b      0x7ad Drivers/STM32F7xx_HAL_Driver/Src/stm32f7xx_hal_rcc_ex.o

.debug_abbrev   0x0000000000000000     0x17b4
 .debug_abbrev  0x0000000000000000      0x1ec Core/Src/main.o
 .debug_abbrev  0x00000000000001ec      0x34c Core/Src/ssd1306.o
 .debug_abbrev  0x0000000000000538       0xb0 Core/Src/ssd1306_fonts.o
 .debug_abbrev  0x00000000000005e8      0x197 Core/Src/stm32f7xx_hal_msp.o
 .debug_abbrev  0x000000000000077f       0xc6 Core/Src/stm32f7xx_it.o
 .debug_abbrev  0x0000000000000845      0x147 Core/Src/system_stm32f7xx.o
 .debug_abbrev  0x000000000000098c       0x12 Core/Startup/startup_stm32f746nghx.o
 .debug_abbrev  0x000000000000099e      0x1c7 Drivers/STM32F7xx_HAL_Driver/Src/stm32f7xx_hal.o
 .debug_abbrev  0x0000000000000b65      0x2fa Drivers/STM32F7xx_HAL_Driver/Src/stm32f7xx_hal_cortex.o
 .debug_abbrev  0x0000000000000e5f      0x1c9 Drivers/STM32F7xx_HAL_Driver/Src/stm32f7xx_hal_gpio.o
 .debug_abbrev  0x0000000000001028      0x22a Drivers/STM32F7xx_HAL_Driver/Src/stm32f7xx_hal_i2c.o
 .debug_abbrev  0x0000000000001252      0x19b Drivers/STM32F7xx_HAL_Driver/Src/stm32f7xx_hal_i2c_ex.o
 .debug_abbrev  0x00000000000013ed      0x21a Drivers/STM32F7xx_HAL_Driver/Src/stm32f7xx_hal_rcc.o
 .debug_abbrev  0x0000000000001607      0x1ad Drivers/STM32F7xx_HAL_Driver/Src/stm32f7xx_hal_rcc_ex.o

.debug_aranges  0x0000000000000000      0x808
 .debug_aranges
                0x0000000000000000       0x40 Core/Src/main.o
 .debug_aranges
                0x0000000000000040       0xc0 Core/Src/ssd1306.o
 .debug_aranges
                0x0000000000000100       0x18 Core/Src/ssd1306_fonts.o
 .debug_aranges
                0x0000000000000118       0x30 Core/Src/stm32f7xx_hal_msp.o
 .debug_aranges
                0x0000000000000148       0x60 Core/Src/stm32f7xx_it.o
 .debug_aranges
                0x00000000000001a8       0x28 Core/Src/system_stm32f7xx.o
 .debug_aranges
                0x00000000000001d0       0x28 Core/Startup/startup_stm32f746nghx.o
 .debug_aranges
                0x00000000000001f8      0x100 Drivers/STM32F7xx_HAL_Driver/Src/stm32f7xx_hal.o
 .debug_aranges
                0x00000000000002f8      0x118 Drivers/STM32F7xx_HAL_Driver/Src/stm32f7xx_hal_cortex.o
 .debug_aranges
                0x0000000000000410       0x58 Drivers/STM32F7xx_HAL_Driver/Src/stm32f7xx_hal_gpio.o
 .debug_aranges
                0x0000000000000468      0x290 Drivers/STM32F7xx_HAL_Driver/Src/stm32f7xx_hal_i2c.o
 .debug_aranges
                0x00000000000006f8       0x38 Drivers/STM32F7xx_HAL_Driver/Src/stm32f7xx_hal_i2c_ex.o
 .debug_aranges
                0x0000000000000730       0x88 Drivers/STM32F7xx_HAL_Driver/Src/stm32f7xx_hal_rcc.o
 .debug_aranges
                0x00000000000007b8       0x50 Drivers/STM32F7xx_HAL_Driver/Src/stm32f7xx_hal_rcc_ex.o

.debug_ranges   0x0000000000000000      0x728
 .debug_ranges  0x0000000000000000       0x30 Core/Src/main.o
 .debug_ranges  0x0000000000000030       0xb0 Core/Src/ssd1306.o
 .debug_ranges  0x00000000000000e0       0x20 Core/Src/stm32f7xx_hal_msp.o
 .debug_ranges  0x0000000000000100       0x50 Core/Src/stm32f7xx_it.o
 .debug_ranges  0x0000000000000150       0x18 Core/Src/system_stm32f7xx.o
 .debug_ranges  0x0000000000000168       0x20 Core/Startup/startup_stm32f746nghx.o
 .debug_ranges  0x0000000000000188       0xf0 Drivers/STM32F7xx_HAL_Driver/Src/stm32f7xx_hal.o
 .debug_ranges  0x0000000000000278      0x108 Drivers/STM32F7xx_HAL_Driver/Src/stm32f7xx_hal_cortex.o
 .debug_ranges  0x0000000000000380       0x48 Drivers/STM32F7xx_HAL_Driver/Src/stm32f7xx_hal_gpio.o
 .debug_ranges  0x00000000000003c8      0x280 Drivers/STM32F7xx_HAL_Driver/Src/stm32f7xx_hal_i2c.o
 .debug_ranges  0x0000000000000648       0x28 Drivers/STM32F7xx_HAL_Driver/Src/stm32f7xx_hal_i2c_ex.o
 .debug_ranges  0x0000000000000670       0x78 Drivers/STM32F7xx_HAL_Driver/Src/stm32f7xx_hal_rcc.o
 .debug_ranges  0x00000000000006e8       0x40 Drivers/STM32F7xx_HAL_Driver/Src/stm32f7xx_hal_rcc_ex.o

.debug_macro    0x0000000000000000    0x2485c
 .debug_macro   0x0000000000000000      0x22b Core/Src/main.o
 .debug_macro   0x000000000000022b      0xa5a Core/Src/main.o
 .debug_macro   0x0000000000000c85      0x287 Core/Src/main.o
 .debug_macro   0x0000000000000f0c       0x2e Core/Src/main.o
 .debug_macro   0x0000000000000f3a       0x3b Core/Src/main.o
 .debug_macro   0x0000000000000f75       0x22 Core/Src/main.o
 .debug_macro   0x0000000000000f97       0x8e Core/Src/main.o
 .debug_macro   0x0000000000001025       0x51 Core/Src/main.o
 .debug_macro   0x0000000000001076       0xef Core/Src/main.o
 .debug_macro   0x0000000000001165       0x6a Core/Src/main.o
 .debug_macro   0x00000000000011cf      0x1df Core/Src/main.o
 .debug_macro   0x00000000000013ae       0x1c Core/Src/main.o
 .debug_macro   0x00000000000013ca       0x22 Core/Src/main.o
 .debug_macro   0x00000000000013ec       0xdf Core/Src/main.o
 .debug_macro   0x00000000000014cb     0x12cd Core/Src/main.o
 .debug_macro   0x0000000000002798      0x11f Core/Src/main.o
 .debug_macro   0x00000000000028b7       0x19 Core/Src/main.o
 .debug_macro   0x00000000000028d0    0x191cb Core/Src/main.o
 .debug_macro   0x000000000001ba9b       0x43 Core/Src/main.o
 .debug_macro   0x000000000001bade     0x36c9 Core/Src/main.o
 .debug_macro   0x000000000001f1a7      0x174 Core/Src/main.o
 .debug_macro   0x000000000001f31b       0x63 Core/Src/main.o
 .debug_macro   0x000000000001f37e     0x18ad Core/Src/main.o
 .debug_macro   0x0000000000020c2b      0x6c4 Core/Src/main.o
 .debug_macro   0x00000000000212ef      0x185 Core/Src/main.o
 .debug_macro   0x0000000000021474      0x117 Core/Src/main.o
 .debug_macro   0x000000000002158b      0x1fe Core/Src/main.o
 .debug_macro   0x0000000000021789       0x27 Core/Src/main.o
 .debug_macro   0x00000000000217b0      0x24f Core/Src/main.o
 .debug_macro   0x00000000000219ff       0x41 Core/Src/main.o
 .debug_macro   0x0000000000021a40       0x58 Core/Src/main.o
 .debug_macro   0x0000000000021a98      0x236 Core/Src/main.o
 .debug_macro   0x0000000000021cce      0x14f Core/Src/main.o
 .debug_macro   0x0000000000021e1d      0x25b Core/Src/main.o
 .debug_macro   0x0000000000022078       0x12 Core/Src/main.o
 .debug_macro   0x000000000002208a      0x22c Core/Src/main.o
 .debug_macro   0x00000000000222b6       0x61 Core/Src/main.o
 .debug_macro   0x0000000000022317       0xa5 Core/Src/main.o
 .debug_macro   0x00000000000223bc      0x12f Core/Src/main.o
 .debug_macro   0x00000000000224eb      0x108 Core/Src/main.o
 .debug_macro   0x00000000000225f3       0x35 Core/Src/main.o
 .debug_macro   0x0000000000022628      0x14e Core/Src/main.o
 .debug_macro   0x0000000000022776       0x46 Core/Src/main.o
 .debug_macro   0x00000000000227bc       0x18 Core/Src/main.o
 .debug_macro   0x00000000000227d4       0x3c Core/Src/main.o
 .debug_macro   0x0000000000022810       0x34 Core/Src/main.o
 .debug_macro   0x0000000000022844       0x40 Core/Src/main.o
 .debug_macro   0x0000000000022884       0x3a Core/Src/main.o
 .debug_macro   0x00000000000228be      0x2e4 Core/Src/ssd1306.o
 .debug_macro   0x0000000000022ba2       0x40 Core/Src/ssd1306.o
 .debug_macro   0x0000000000022be2       0x94 Core/Src/ssd1306.o
 .debug_macro   0x0000000000022c76       0x28 Core/Src/ssd1306.o
 .debug_macro   0x0000000000022c9e       0x57 Core/Src/ssd1306.o
 .debug_macro   0x0000000000022cf5       0x52 Core/Src/ssd1306.o
 .debug_macro   0x0000000000022d47       0x1f Core/Src/ssd1306.o
 .debug_macro   0x0000000000022d66       0x43 Core/Src/ssd1306.o
 .debug_macro   0x0000000000022da9       0x20 Core/Src/ssd1306.o
 .debug_macro   0x0000000000022dc9      0x1a3 Core/Src/ssd1306.o
 .debug_macro   0x0000000000022f6c      0x32a Core/Src/ssd1306.o
 .debug_macro   0x0000000000023296      0x1e1 Core/Src/ssd1306.o
 .debug_macro   0x0000000000023477       0x16 Core/Src/ssd1306.o
 .debug_macro   0x000000000002348d       0x35 Core/Src/ssd1306.o
 .debug_macro   0x00000000000234c2       0x16 Core/Src/ssd1306.o
 .debug_macro   0x00000000000234d8       0x29 Core/Src/ssd1306.o
 .debug_macro   0x0000000000023501       0x16 Core/Src/ssd1306.o
 .debug_macro   0x0000000000023517       0x20 Core/Src/ssd1306.o
 .debug_macro   0x0000000000023537       0x76 Core/Src/ssd1306_fonts.o
 .debug_macro   0x00000000000235ad      0x1c5 Core/Src/stm32f7xx_hal_msp.o
 .debug_macro   0x0000000000023772      0x1cf Core/Src/stm32f7xx_it.o
 .debug_macro   0x0000000000023941      0x1bb Core/Src/system_stm32f7xx.o
 .debug_macro   0x0000000000023afc      0x1df Drivers/STM32F7xx_HAL_Driver/Src/stm32f7xx_hal.o
 .debug_macro   0x0000000000023cdb      0x1bb Drivers/STM32F7xx_HAL_Driver/Src/stm32f7xx_hal_cortex.o
 .debug_macro   0x0000000000023e96      0x1f1 Drivers/STM32F7xx_HAL_Driver/Src/stm32f7xx_hal_gpio.o
 .debug_macro   0x0000000000024087      0x280 Drivers/STM32F7xx_HAL_Driver/Src/stm32f7xx_hal_i2c.o
 .debug_macro   0x0000000000024307      0x1bb Drivers/STM32F7xx_HAL_Driver/Src/stm32f7xx_hal_i2c_ex.o
 .debug_macro   0x00000000000244c2      0x1df Drivers/STM32F7xx_HAL_Driver/Src/stm32f7xx_hal_rcc.o
 .debug_macro   0x00000000000246a1      0x1bb Drivers/STM32F7xx_HAL_Driver/Src/stm32f7xx_hal_rcc_ex.o

.debug_line     0x0000000000000000     0x7aac
 .debug_line    0x0000000000000000      0x86b Core/Src/main.o
 .debug_line    0x000000000000086b      0xb17 Core/Src/ssd1306.o
 .debug_line    0x0000000000001382      0x3ac Core/Src/ssd1306_fonts.o
 .debug_line    0x000000000000172e      0x6b8 Core/Src/stm32f7xx_hal_msp.o
 .debug_line    0x0000000000001de6      0x72c Core/Src/stm32f7xx_it.o
 .debug_line    0x0000000000002512      0x6a0 Core/Src/system_stm32f7xx.o
 .debug_line    0x0000000000002bb2       0x88 Core/Startup/startup_stm32f746nghx.o
 .debug_line    0x0000000000002c3a      0x8b0 Drivers/STM32F7xx_HAL_Driver/Src/stm32f7xx_hal.o
 .debug_line    0x00000000000034ea      0x9b1 Drivers/STM32F7xx_HAL_Driver/Src/stm32f7xx_hal_cortex.o
 .debug_line    0x0000000000003e9b      0x893 Drivers/STM32F7xx_HAL_Driver/Src/stm32f7xx_hal_gpio.o
 .debug_line    0x000000000000472e     0x1a7a Drivers/STM32F7xx_HAL_Driver/Src/stm32f7xx_hal_i2c.o
 .debug_line    0x00000000000061a8      0x746 Drivers/STM32F7xx_HAL_Driver/Src/stm32f7xx_hal_i2c_ex.o
 .debug_line    0x00000000000068ee      0x926 Drivers/STM32F7xx_HAL_Driver/Src/stm32f7xx_hal_rcc.o
 .debug_line    0x0000000000007214      0x898 Drivers/STM32F7xx_HAL_Driver/Src/stm32f7xx_hal_rcc_ex.o

.debug_str      0x0000000000000000    0xe0f37
 .debug_str     0x0000000000000000    0xdb247 Core/Src/main.o
                                      0xdb9f8 (size before relaxing)
 .debug_str     0x00000000000db247     0x38d7 Core/Src/ssd1306.o
                                      0xdee9a (size before relaxing)
 .debug_str     0x00000000000deb1e       0x41 Core/Src/ssd1306_fonts.o
                                       0x3d6e (size before relaxing)
 .debug_str     0x00000000000deb5f       0xbb Core/Src/stm32f7xx_hal_msp.o
                                      0xdb1a1 (size before relaxing)
 .debug_str     0x00000000000dec1a       0xbd Core/Src/stm32f7xx_it.o
                                      0xdab50 (size before relaxing)
 .debug_str     0x00000000000decd7      0x178 Core/Src/system_stm32f7xx.o
                                      0xdad1a (size before relaxing)
 .debug_str     0x00000000000dee4f       0x36 Core/Startup/startup_stm32f746nghx.o
                                         0x5a (size before relaxing)
 .debug_str     0x00000000000dee85      0x908 Drivers/STM32F7xx_HAL_Driver/Src/stm32f7xx_hal.o
                                      0xdb5e1 (size before relaxing)
 .debug_str     0x00000000000df78d      0x38f Drivers/STM32F7xx_HAL_Driver/Src/stm32f7xx_hal_cortex.o
                                      0xdb688 (size before relaxing)
 .debug_str     0x00000000000dfb1c      0x265 Drivers/STM32F7xx_HAL_Driver/Src/stm32f7xx_hal_gpio.o
                                      0xdaf05 (size before relaxing)
 .debug_str     0x00000000000dfd81      0xd57 Drivers/STM32F7xx_HAL_Driver/Src/stm32f7xx_hal_i2c.o
                                      0xdbe70 (size before relaxing)
 .debug_str     0x00000000000e0ad8       0x89 Drivers/STM32F7xx_HAL_Driver/Src/stm32f7xx_hal_i2c_ex.o
                                      0xdb1ec (size before relaxing)
 .debug_str     0x00000000000e0b61      0x26d Drivers/STM32F7xx_HAL_Driver/Src/stm32f7xx_hal_rcc.o
                                      0xdb04a (size before relaxing)
 .debug_str     0x00000000000e0dce      0x169 Drivers/STM32F7xx_HAL_Driver/Src/stm32f7xx_hal_rcc_ex.o
                                      0xdafd4 (size before relaxing)

.comment        0x0000000000000000       0x7b
 .comment       0x0000000000000000       0x7b Core/Src/main.o
                                         0x7c (size before relaxing)
 .comment       0x000000000000007b       0x7c Core/Src/ssd1306.o
 .comment       0x000000000000007b       0x7c Core/Src/ssd1306_fonts.o
 .comment       0x000000000000007b       0x7c Core/Src/stm32f7xx_hal_msp.o
 .comment       0x000000000000007b       0x7c Core/Src/stm32f7xx_it.o
 .comment       0x000000000000007b       0x7c Core/Src/system_stm32f7xx.o
 .comment       0x000000000000007b       0x7c Drivers/STM32F7xx_HAL_Driver/Src/stm32f7xx_hal.o
 .comment       0x000000000000007b       0x7c Drivers/STM32F7xx_HAL_Driver/Src/stm32f7xx_hal_cortex.o
 .comment       0x000000000000007b       0x7c Drivers/STM32F7xx_HAL_Driver/Src/stm32f7xx_hal_gpio.o
 .comment       0x000000000000007b       0x7c Drivers/STM32F7xx_HAL_Driver/Src/stm32f7xx_hal_i2c.o
 .comment       0x000000000000007b       0x7c Drivers/STM32F7xx_HAL_Driver/Src/stm32f7xx_hal_i2c_ex.o
 .comment       0x000000000000007b       0x7c Drivers/STM32F7xx_HAL_Driver/Src/stm32f7xx_hal_rcc.o
 .comment       0x000000000000007b       0x7c Drivers/STM32F7xx_HAL_Driver/Src/stm32f7xx_hal_rcc_ex.o

.debug_frame    0x0000000000000000     0x1fac
 .debug_frame   0x0000000000000000       0xbc Core/Src/main.o
 .debug_frame   0x00000000000000bc      0x324 Core/Src/ssd1306.o
 .debug_frame   0x00000000000003e0       0x80 Core/Src/stm32f7xx_hal_msp.o
 .debug_frame   0x0000000000000460      0x10c Core/Src/stm32f7xx_it.o
 .debug_frame   0x000000000000056c       0x58 Core/Src/system_stm32f7xx.o
 .debug_frame   0x00000000000005c4      0x3b4 Drivers/STM32F7xx_HAL_Driver/Src/stm32f7xx_hal.o
 .debug_frame   0x0000000000000978      0x498 Drivers/STM32F7xx_HAL_Driver/Src/stm32f7xx_hal_cortex.o
 .debug_frame   0x0000000000000e10      0x14c Drivers/STM32F7xx_HAL_Driver/Src/stm32f7xx_hal_gpio.o
 .debug_frame   0x0000000000000f5c      0xbe8 Drivers/STM32F7xx_HAL_Driver/Src/stm32f7xx_hal_i2c.o
 .debug_frame   0x0000000000001b44       0xb0 Drivers/STM32F7xx_HAL_Driver/Src/stm32f7xx_hal_i2c_ex.o
 .debug_frame   0x0000000000001bf4      0x1f4 Drivers/STM32F7xx_HAL_Driver/Src/stm32f7xx_hal_rcc.o
 .debug_frame   0x0000000000001de8      0x118 Drivers/STM32F7xx_HAL_Driver/Src/stm32f7xx_hal_rcc_ex.o
 .debug_frame   0x0000000000001f00       0x2c e:/st/stm32cubeide_1.4.0/stm32cubeide/plugins/com.st.stm32cube.ide.mcu.externaltools.gnu-tools-for-stm32.7-2018-q2-update.win32_1.4.0.202007081208/tools/bin/../lib/gcc/arm-none-eabi/7.3.1/../../../../arm-none-eabi/lib/thumb/v7e-m/fpv4-sp/hard\libc_nano.a(lib_a-init.o)
 .debug_frame   0x0000000000001f2c       0x20 e:/st/stm32cubeide_1.4.0/stm32cubeide/plugins/com.st.stm32cube.ide.mcu.externaltools.gnu-tools-for-stm32.7-2018-q2-update.win32_1.4.0.202007081208/tools/bin/../lib/gcc/arm-none-eabi/7.3.1/../../../../arm-none-eabi/lib/thumb/v7e-m/fpv4-sp/hard\libc_nano.a(lib_a-memset.o)
 .debug_frame   0x0000000000001f4c       0x2c e:/st/stm32cubeide_1.4.0/stm32cubeide/plugins/com.st.stm32cube.ide.mcu.externaltools.gnu-tools-for-stm32.7-2018-q2-update.win32_1.4.0.202007081208/tools/bin/../lib/gcc/arm-none-eabi/7.3.1/thumb/v7e-m/fpv4-sp/hard\libgcc.a(_aeabi_uldivmod.o)
 .debug_frame   0x0000000000001f78       0x34 e:/st/stm32cubeide_1.4.0/stm32cubeide/plugins/com.st.stm32cube.ide.mcu.externaltools.gnu-tools-for-stm32.7-2018-q2-update.win32_1.4.0.202007081208/tools/bin/../lib/gcc/arm-none-eabi/7.3.1/thumb/v7e-m/fpv4-sp/hard\libgcc.a(_udivmoddi4.o)
